// Jest Snapshot v1, https://goo.gl/fbAQLP

exports[`PokemonDetails snapshot 1`] = `
<div class="pokemon-details">
  <div class="id"><span class="symbol">#</span> <span class="number">3</span></div>
  <div class="name">Venusaur</div>
  <div data-stub-base-image="" src="https://raw.githubusercontent.com/PokeAPI/sprites/master/sprites/pokemon/3.png" alt="Pokemon 3" class="preview"></div>
  <button class="toggle-favorite">Toggle Favorite</button>
</div>
`;

exports[`PokemonDetails snapshot: pokemon not found 1`] = `
<div class="pokemon-details">
  <div class="empty">
    Pokemon not found
  </div>
</div>
`;
